// Bun Snapshot v1, https://bun.sh/docs/test/snapshots

exports[`writerTsDefinition writeTsDefinition 1`] = `
"
  import { SvelteComponentTyped } from "svelte";
  
  
  
  
  
    export type ModuleNameProps =  {
      
      /**
* @default true
*/
      propBool?: boolean;

      /**
* @default ""
*/
      propString?: string;

      /**
* @default undefined
*/
      name?: string;

      /**
* @default "" + Math.random().toString(36)
*/
      id?: string;

      
      fn?: () => {     localBool = !localBool;   };

      children?: (this: void, ...args: [{}]) => void;
    }
  
  
  export default class ModuleName extends SvelteComponentTyped<
      ModuleNameProps,
      Record<string, any>,
      {default: {}
;}
    > {
      
    
    propConst: { [key: string]: boolean; };
    }"
`;

exports[`writerTsDefinition "default" module name 1`] = `
"
  import { SvelteComponentTyped } from "svelte";
  
  
  
  
  
    export type defaultProps = Record<string, never>;
  
  
  export default class  extends SvelteComponentTyped<
      defaultProps,
      Record<string, any>,
      Record<string, never>
    > {
      
    }"
`;
